// Jest Snapshot v1, https://goo.gl/fbAQLP

exports[`App SnapShot 1`] = `
Array [
  <div
    data-test="div1"
  >
    テストアプリテキスト
  </div>,
  <div>
    divテキスト
  </div>,
  <h2>
    見出しテキスト
  </h2>,
]
`;
